$ bun run --cwd apps/docs generate:check
$ bun run --cwd ../../packages/http-api generate:check && bun scripts/generate-docs.ts --check
$ bun run scripts/generate-openapi.ts --check
NativeApi 0.2.0: 65 external + 1 internal operations are current
generated src/pages/reference/migration-state.mdx, src/pages/reference/design-spec-evidence-index.mdx, public/migration-state.json, public/migration-state.schema.json
generated src/pages/reference/native-api.mdx from 65 operations
[03:19:12.117] INFO (#1): Reading modules...
[03:19:12.148] INFO (#1): 65 module(s) found
[03:19:12.171] INFO (#1): Parsing modules...
[03:19:13.996] INFO (#70): Checking modules...
[03:19:13.997] INFO (#71): Creating markdown files...
[03:19:15.144] INFO (#71): Writing markdown files...
[03:19:15.151] INFO (#70): No examples found.
[03:19:15.165] INFO (#1): ✓ Docs generation succeeded!
[03:19:15.672] INFO (#1): Reading modules...
[03:19:15.684] INFO (#1): 3 module(s) found
[03:19:15.685] INFO (#1): Parsing modules...
[03:19:18.024] INFO (#8): Checking modules...
[03:19:18.025] INFO (#9): Creating markdown files...
[03:19:18.026] INFO (#8): No examples found.
[03:19:18.163] INFO (#9): Writing markdown files...
[03:19:18.167] INFO (#1): ✓ Docs generation succeeded!
[03:19:18.639] INFO (#1): Reading modules...
[03:19:18.645] INFO (#1): 18 module(s) found
[03:19:18.646] INFO (#1): Parsing modules...
[03:19:20.842] INFO (#23): Checking modules...
[03:19:20.843] INFO (#24): Creating markdown files...
[03:19:21.489] INFO (#24): Writing markdown files...
[03:19:21.496] INFO (#23): No examples found.
[03:19:21.502] INFO (#1): ✓ Docs generation succeeded!
generated 86 code-reference module pages
Finished in 961ms on 95 files using 32 threads.
Finished in 1011ms on 95 files using 32 threads.
Finished in 1056ms on 95 files using 32 threads.
generated docs are current (96 files)
